Error type B at Line 1: assign value at global range!
Error type B at Line 1: Missing close brace
