Error type 14 at Line 11: accessing with non-struct variable