Error type 9 at Line 18: function's args mismatch the declared para