Error type 7 at Line 5: binary operation on non-number variables